// Jest Snapshot v1, https://goo.gl/fbAQLP

exports[`home snapshot 1`] = `
<View>
  <Text>
    Estou em home!
  </Text>
</View>
`;
